// Jest Snapshot v1, https://goo.gl/fbAQLP

exports[`<Footer /> shallow rendering should render Footer 1`] = `
<div
  className="footer"
>
  <div
    className="footer__text"
  >
    React Todo App !!!
  </div>
</div>
`;

exports[`<Footer /> shallow rendering should render a div 1`] = `
<div
  className="footer"
>
  <div
    className="footer__text"
  >
    React Todo App !!!
  </div>
</div>
`;
